main.c:67:5:main	48	static
main.c:154:6:SystemClock_Config	72	static
main.c:190:13:MX_USART1_UART_Init	8	static
main.c:223:13:MX_GPIO_Init	16	static
main.c:233:6:Flash_Write_uint8	96	static
main.c:258:6:Flash_Read_uint8	88	static
main.c:274:6:Flash_Write_uint16	96	static
main.c:299:6:Flash_Erase_One_Page	112	static
main.c:333:6:Flash_Write_uint32	96	static
main.c:356:10:Flash_Read_uint32	96	static
main.c:373:6:Flash_Write_uint64	112	static
main.c:402:6:Error_Handler	4	static,ignoring_inline_asm
